I'm sorry, but errors were detected in your script. Please correct the
errors listed below, and try again.


File "game/script.rpy", line 149: end of line expected.
    show Rajesh Walk Neut with fade at center_c
                                    ^

Ren'Py Version: Ren'Py 7.1.1.929
Tue Dec 11 23:59:22 2018
